// Jest Snapshot v1, https://goo.gl/fbAQLP

exports[`Header component renders correctly 1`] = `
Array [
  <header
    className="header"
  >
    <h1
      className="logo"
    >
      Kevin Martin
    </h1>
    <h2
      className="intro"
    >
      GÃ©nie du mal
    </h2>
  </header>,
  <mock-avatar
    alt="Kevin Martin"
  />,
]
`;
