// Jest Snapshot v1, https://goo.gl/fbAQLP

exports[`Reference component should render correctly with props 1`] = `
Array [
  <div
    className="headline headline_alt"
  >
    Roberto Carlos
  </div>,
  <div
    className="refJob"
  >
    Best player eva
  </div>,
]
`;

exports[`Reference component should render correctly without props 1`] = `null`;
