// Jest Snapshot v1, https://goo.gl/fbAQLP

exports[`Competences component should render correctly 1`] = `
Array [
  <div
    className="title"
  >
    <svg
      fill="currentColor"
      height="1em"
      stroke="currentColor"
      strokeWidth="0"
      style={
        Object {
          "color": undefined,
        }
      }
      viewBox="0 0 576 512"
      width="1em"
      xmlns="http://www.w3.org/2000/svg"
    >
      <path
        d="M528 0H48C21.5 0 0 21.5 0 48v320c0 26.5 21.5 48 48 48h192l-16 48h-72c-13.3 0-24 10.7-24 24s10.7 24 24 24h272c13.3 0 24-10.7 24-24s-10.7-24-24-24h-72l-16-48h192c26.5 0 48-21.5 48-48V48c0-26.5-21.5-48-48-48zm-16 352H64V64h448v288z"
      />
    </svg>
     COMPETENCES
  </div>,
  <mock-competences-list
    competencesList={
      Object {
        "label": "Programmation",
        "values": Array [
          Object {
            "name": "Javascript",
            "value": "4.5",
          },
          Object {
            "name": "Node.JS",
            "value": "3.6",
          },
        ],
      }
    }
  />,
]
`;
