// Jest Snapshot v1, https://goo.gl/fbAQLP

exports[`Competence component should render correctly with props 1`] = `
<span
  className="nameSkill"
>
  Javascript
</span>
`;

exports[`Competence component should render correctly without props 1`] = `null`;
