// Jest Snapshot v1, https://goo.gl/fbAQLP

exports[`CompetencesList component should render correctly with props 1`] = `
[
  <div
    className="headline headline_alt"
  >
    Programmation
  </div>,
  <div
    className="Competences"
  >
    <mock-competence
      competence={
        {
          "name": "Javascript",
          "value": "4.5",
        }
      }
    />
    <mock-competence
      competence={
        {
          "name": "Node.JS",
          "value": "3.6",
        }
      }
    />
  </div>,
]
`;

exports[`CompetencesList component should render correctly without props 1`] = `null`;
